[
  {"type":"KeywordDeclaration","value":"LET"},
  {"type":"Text","value":" "},
  {"type":"Name","value":"data"},
  {"type":"Text","value":" "},
  {"type":"Operator","value":"="},
  {"type":"Text","value":" "},
  {"type":"Punctuation","value":"["},
  {"type":"Text","value":"\n    "},
  {"type":"Punctuation","value":"{"},
  {"type":"Text","value":"\n        "},
  {"type":"LiteralStringDouble","value":"\"parent\""},
  {"type":"Operator","value":":"},
  {"type":"Text","value":" "},
  {"type":"Punctuation","value":"{"},
  {"type":"Text","value":" "},
  {"type":"LiteralStringDouble","value":"\"name\""},
  {"type":"Operator","value":":"},
  {"type":"Text","value":" "},
  {"type":"LiteralStringDouble","value":"\"Ned\""},
  {"type":"Punctuation","value":","},
  {"type":"Text","value":" "},
  {"type":"LiteralStringDouble","value":"\"surname\""},
  {"type":"Operator","value":":"},
  {"type":"Text","value":" "},
  {"type":"LiteralStringDouble","value":"\"Stark\""},
  {"type":"Text","value":" "},
  {"type":"Punctuation","value":"},"},
  {"type":"Text","value":"\n        "},
  {"type":"LiteralStringDouble","value":"\"child\""},
  {"type":"Operator","value":":"},
  {"type":"Text","value":" "},
  {"type":"Punctuation","value":"{"},
  {"type":"Text","value":" "},
  {"type":"LiteralStringDouble","value":"\"name\""},
  {"type":"Operator","value":":"},
  {"type":"Text","value":" "},
  {"type":"LiteralStringDouble","value":"\"Robb\""},
  {"type":"Punctuation","value":","},
  {"type":"Text","value":" "},
  {"type":"LiteralStringDouble","value":"\"surname\""},
  {"type":"Operator","value":":"},
  {"type":"Text","value":" "},
  {"type":"LiteralStringDouble","value":"\"Stark\""},
  {"type":"Text","value":" "},
  {"type":"Punctuation","value":"}"},
  {"type":"Text","value":"\n    "},
  {"type":"Punctuation","value":"},"},
  {"type":"Text","value":" "},
  {"type":"Punctuation","value":"{"},
  {"type":"Text","value":"\n        "},
  {"type":"LiteralStringDouble","value":"\"parent\""},
  {"type":"Operator","value":":"},
  {"type":"Text","value":" "},
  {"type":"Punctuation","value":"{"},
  {"type":"Text","value":" "},
  {"type":"LiteralStringDouble","value":"\"name\""},
  {"type":"Operator","value":":"},
  {"type":"Text","value":" "},
  {"type":"LiteralStringDouble","value":"\"Ned\""},
  {"type":"Punctuation","value":","},
  {"type":"Text","value":" "},
  {"type":"LiteralStringDouble","value":"\"surname\""},
  {"type":"Operator","value":":"},
  {"type":"Text","value":" "},
  {"type":"LiteralStringDouble","value":"\"Stark\""},
  {"type":"Text","value":" "},
  {"type":"Punctuation","value":"},"},
  {"type":"Text","value":"\n        "},
  {"type":"LiteralStringDouble","value":"\"child\""},
  {"type":"Operator","value":":"},
  {"type":"Text","value":" "},
  {"type":"Punctuation","value":"{"},
  {"type":"Text","value":" "},
  {"type":"LiteralStringDouble","value":"\"name\""},
  {"type":"Operator","value":":"},
  {"type":"Text","value":" "},
  {"type":"LiteralStringDouble","value":"\"Sansa\""},
  {"type":"Punctuation","value":","},
  {"type":"Text","value":" "},
  {"type":"LiteralStringDouble","value":"\"surname\""},
  {"type":"Operator","value":":"},
  {"type":"Text","value":" "},
  {"type":"LiteralStringDouble","value":"\"Stark\""},
  {"type":"Text","value":" "},
  {"type":"Punctuation","value":"}"},
  {"type":"Text","value":"\n    "},
  {"type":"Punctuation","value":"},"},
  {"type":"Text","value":" "},
  {"type":"Punctuation","value":"{"},
  {"type":"Text","value":"\n        "},
  {"type":"LiteralStringDouble","value":"\"parent\""},
  {"type":"Operator","value":":"},
  {"type":"Text","value":" "},
  {"type":"Punctuation","value":"{"},
  {"type":"Text","value":" "},
  {"type":"LiteralStringDouble","value":"\"name\""},
  {"type":"Operator","value":":"},
  {"type":"Text","value":" "},
  {"type":"LiteralStringDouble","value":"\"Ned\""},
  {"type":"Punctuation","value":","},
  {"type":"Text","value":" "},
  {"type":"LiteralStringDouble","value":"\"surname\""},
  {"type":"Operator","value":":"},
  {"type":"Text","value":" "},
  {"type":"LiteralStringDouble","value":"\"Stark\""},
  {"type":"Text","value":" "},
  {"type":"Punctuation","value":"},"},
  {"type":"Text","value":"\n        "},
  {"type":"LiteralStringDouble","value":"\"child\""},
  {"type":"Operator","value":":"},
  {"type":"Text","value":" "},
  {"type":"Punctuation","value":"{"},
  {"type":"Text","value":" "},
  {"type":"LiteralStringDouble","value":"\"name\""},
  {"type":"Operator","value":":"},
  {"type":"Text","value":" "},
  {"type":"LiteralStringDouble","value":"\"Arya\""},
  {"type":"Punctuation","value":","},
  {"type":"Text","value":" "},
  {"type":"LiteralStringDouble","value":"\"surname\""},
  {"type":"Operator","value":":"},
  {"type":"Text","value":" "},
  {"type":"LiteralStringDouble","value":"\"Stark\""},
  {"type":"Text","value":" "},
  {"type":"Punctuation","value":"}"},
  {"type":"Text","value":"\n    "},
  {"type":"Punctuation","value":"},"},
  {"type":"Text","value":" "},
  {"type":"Punctuation","value":"{"},
  {"type":"Text","value":"\n        "},
  {"type":"LiteralStringDouble","value":"\"parent\""},
  {"type":"Operator","value":":"},
  {"type":"Text","value":" "},
  {"type":"Punctuation","value":"{"},
  {"type":"Text","value":" "},
  {"type":"LiteralStringDouble","value":"\"name\""},
  {"type":"Operator","value":":"},
  {"type":"Text","value":" "},
  {"type":"LiteralStringDouble","value":"\"Ned\""},
  {"type":"Punctuation","value":","},
  {"type":"Text","value":" "},
  {"type":"LiteralStringDouble","value":"\"surname\""},
  {"type":"Operator","value":":"},
  {"type":"Text","value":" "},
  {"type":"LiteralStringDouble","value":"\"Stark\""},
  {"type":"Text","value":" "},
  {"type":"Punctuation","value":"},"},
  {"type":"Text","value":"\n        "},
  {"type":"LiteralStringDouble","value":"\"child\""},
  {"type":"Operator","value":":"},
  {"type":"Text","value":" "},
  {"type":"Punctuation","value":"{"},
  {"type":"Text","value":" "},
  {"type":"LiteralStringDouble","value":"\"name\""},
  {"type":"Operator","value":":"},
  {"type":"Text","value":" "},
  {"type":"LiteralStringDouble","value":"\"Bran\""},
  {"type":"Punctuation","value":","},
  {"type":"Text","value":" "},
  {"type":"LiteralStringDouble","value":"\"surname\""},
  {"type":"Operator","value":":"},
  {"type":"Text","value":" "},
  {"type":"LiteralStringDouble","value":"\"Stark\""},
  {"type":"Text","value":" "},
  {"type":"Punctuation","value":"}"},
  {"type":"Text","value":"\n    "},
  {"type":"Punctuation","value":"},"},
  {"type":"Text","value":" "},
  {"type":"Punctuation","value":"{"},
  {"type":"Text","value":"\n        "},
  {"type":"LiteralStringDouble","value":"\"parent\""},
  {"type":"Operator","value":":"},
  {"type":"Text","value":" "},
  {"type":"Punctuation","value":"{"},
  {"type":"Text","value":" "},
  {"type":"LiteralStringDouble","value":"\"name\""},
  {"type":"Operator","value":":"},
  {"type":"Text","value":" "},
  {"type":"LiteralStringDouble","value":"\"Catelyn\""},
  {"type":"Punctuation","value":","},
  {"type":"Text","value":" "},
  {"type":"LiteralStringDouble","value":"\"surname\""},
  {"type":"Operator","value":":"},
  {"type":"Text","value":" "},
  {"type":"LiteralStringDouble","value":"\"Stark\""},
  {"type":"Text","value":" "},
  {"type":"Punctuation","value":"},"},
  {"type":"Text","value":"\n        "},
  {"type":"LiteralStringDouble","value":"\"child\""},
  {"type":"Operator","value":":"},
  {"type":"Text","value":" "},
  {"type":"Punctuation","value":"{"},
  {"type":"Text","value":" "},
  {"type":"LiteralStringDouble","value":"\"name\""},
  {"type":"Operator","value":":"},
  {"type":"Text","value":" "},
  {"type":"LiteralStringDouble","value":"\"Robb\""},
  {"type":"Punctuation","value":","},
  {"type":"Text","value":" "},
  {"type":"LiteralStringDouble","value":"\"surname\""},
  {"type":"Operator","value":":"},
  {"type":"Text","value":" "},
  {"type":"LiteralStringDouble","value":"\"Stark\""},
  {"type":"Text","value":" "},
  {"type":"Punctuation","value":"}"},
  {"type":"Text","value":"\n    "},
  {"type":"Punctuation","value":"},"},
  {"type":"Text","value":" "},
  {"type":"Punctuation","value":"{"},
  {"type":"Text","value":"\n        "},
  {"type":"LiteralStringDouble","value":"\"parent\""},
  {"type":"Operator","value":":"},
  {"type":"Text","value":" "},
  {"type":"Punctuation","value":"{"},
  {"type":"Text","value":" "},
  {"type":"LiteralStringDouble","value":"\"name\""},
  {"type":"Operator","value":":"},
  {"type":"Text","value":" "},
  {"type":"LiteralStringDouble","value":"\"Catelyn\""},
  {"type":"Punctuation","value":","},
  {"type":"Text","value":" "},
  {"type":"LiteralStringDouble","value":"\"surname\""},
  {"type":"Operator","value":":"},
  {"type":"Text","value":" "},
  {"type":"LiteralStringDouble","value":"\"Stark\""},
  {"type":"Text","value":" "},
  {"type":"Punctuation","value":"},"},
  {"type":"Text","value":"\n        "},
  {"type":"LiteralStringDouble","value":"\"child\""},
  {"type":"Operator","value":":"},
  {"type":"Text","value":" "},
  {"type":"Punctuation","value":"{"},
  {"type":"Text","value":" "},
  {"type":"LiteralStringDouble","value":"\"name\""},
  {"type":"Operator","value":":"},
  {"type":"Text","value":" "},
  {"type":"LiteralStringDouble","value":"\"Sansa\""},
  {"type":"Punctuation","value":","},
  {"type":"Text","value":" "},
  {"type":"LiteralStringDouble","value":"\"surname\""},
  {"type":"Operator","value":":"},
  {"type":"Text","value":" "},
  {"type":"LiteralStringDouble","value":"\"Stark\""},
  {"type":"Text","value":" "},
  {"type":"Punctuation","value":"}"},
  {"type":"Text","value":"\n    "},
  {"type":"Punctuation","value":"},"},
  {"type":"Text","value":" "},
  {"type":"Punctuation","value":"{"},
  {"type":"Text","value":"\n        "},
  {"type":"LiteralStringDouble","value":"\"parent\""},
  {"type":"Operator","value":":"},
  {"type":"Text","value":" "},
  {"type":"Punctuation","value":"{"},
  {"type":"Text","value":" "},
  {"type":"LiteralStringDouble","value":"\"name\""},
  {"type":"Operator","value":":"},
  {"type":"Text","value":" "},
  {"type":"LiteralStringDouble","value":"\"Catelyn\""},
  {"type":"Punctuation","value":","},
  {"type":"Text","value":" "},
  {"type":"LiteralStringDouble","value":"\"surname\""},
  {"type":"Operator","value":":"},
  {"type":"Text","value":" "},
  {"type":"LiteralStringDouble","value":"\"Stark\""},
  {"type":"Text","value":" "},
  {"type":"Punctuation","value":"},"},
  {"type":"Text","value":"\n        "},
  {"type":"LiteralStringDouble","value":"\"child\""},
  {"type":"Operator","value":":"},
  {"type":"Text","value":" "},
  {"type":"Punctuation","value":"{"},
  {"type":"Text","value":" "},
  {"type":"LiteralStringDouble","value":"\"name\""},
  {"type":"Operator","value":":"},
  {"type":"Text","value":" "},
  {"type":"LiteralStringDouble","value":"\"Arya\""},
  {"type":"Punctuation","value":","},
  {"type":"Text","value":" "},
  {"type":"LiteralStringDouble","value":"\"surname\""},
  {"type":"Operator","value":":"},
  {"type":"Text","value":" "},
  {"type":"LiteralStringDouble","value":"\"Stark\""},
  {"type":"Text","value":" "},
  {"type":"Punctuation","value":"}"},
  {"type":"Text","value":"\n    "},
  {"type":"Punctuation","value":"},"},
  {"type":"Text","value":" "},
  {"type":"Punctuation","value":"{"},
  {"type":"Text","value":"\n        "},
  {"type":"LiteralStringDouble","value":"\"parent\""},
  {"type":"Operator","value":":"},
  {"type":"Text","value":" "},
  {"type":"Punctuation","value":"{"},
  {"type":"Text","value":" "},
  {"type":"LiteralStringDouble","value":"\"name\""},
  {"type":"Operator","value":":"},
  {"type":"Text","value":" "},
  {"type":"LiteralStringDouble","value":"\"Catelyn\""},
  {"type":"Punctuation","value":","},
  {"type":"Text","value":" "},
  {"type":"LiteralStringDouble","value":"\"surname\""},
  {"type":"Operator","value":":"},
  {"type":"Text","value":" "},
  {"type":"LiteralStringDouble","value":"\"Stark\""},
  {"type":"Text","value":" "},
  {"type":"Punctuation","value":"},"},
  {"type":"Text","value":"\n        "},
  {"type":"LiteralStringDouble","value":"\"child\""},
  {"type":"Operator","value":":"},
  {"type":"Text","value":" "},
  {"type":"Punctuation","value":"{"},
  {"type":"Text","value":" "},
  {"type":"LiteralStringDouble","value":"\"name\""},
  {"type":"Operator","value":":"},
  {"type":"Text","value":" "},
  {"type":"LiteralStringDouble","value":"\"Bran\""},
  {"type":"Punctuation","value":","},
  {"type":"Text","value":" "},
  {"type":"LiteralStringDouble","value":"\"surname\""},
  {"type":"Operator","value":":"},
  {"type":"Text","value":" "},
  {"type":"LiteralStringDouble","value":"\"Stark\""},
  {"type":"Text","value":" "},
  {"type":"Punctuation","value":"}"},
  {"type":"Text","value":"\n    "},
  {"type":"Punctuation","value":"},"},
  {"type":"Text","value":" "},
  {"type":"Punctuation","value":"{"},
  {"type":"Text","value":"\n        "},
  {"type":"LiteralStringDouble","value":"\"parent\""},
  {"type":"Operator","value":":"},
  {"type":"Text","value":" "},
  {"type":"Punctuation","value":"{"},
  {"type":"Text","value":" "},
  {"type":"LiteralStringDouble","value":"\"name\""},
  {"type":"Operator","value":":"},
  {"type":"Text","value":" "},
  {"type":"LiteralStringDouble","value":"\"Ned\""},
  {"type":"Punctuation","value":","},
  {"type":"Text","value":" "},
  {"type":"LiteralStringDouble","value":"\"surname\""},
  {"type":"Operator","value":":"},
  {"type":"Text","value":" "},
  {"type":"LiteralStringDouble","value":"\"Stark\""},
  {"type":"Text","value":" "},
  {"type":"Punctuation","value":"},"},
  {"type":"Text","value":"\n        "},
  {"type":"LiteralStringDouble","value":"\"child\""},
  {"type":"Operator","value":":"},
  {"type":"Text","value":" "},
  {"type":"Punctuation","value":"{"},
  {"type":"Text","value":" "},
  {"type":"LiteralStringDouble","value":"\"name\""},
  {"type":"Operator","value":":"},
  {"type":"Text","value":" "},
  {"type":"LiteralStringDouble","value":"\"Jon\""},
  {"type":"Punctuation","value":","},
  {"type":"Text","value":" "},
  {"type":"LiteralStringDouble","value":"\"surname\""},
  {"type":"Operator","value":":"},
  {"type":"Text","value":" "},
  {"type":"LiteralStringDouble","value":"\"Snow\""},
  {"type":"Text","value":" "},
  {"type":"Punctuation","value":"}"},
  {"type":"Text","value":"\n    "},
  {"type":"Punctuation","value":"},"},
  {"type":"Text","value":" "},
  {"type":"Punctuation","value":"{"},
  {"type":"Text","value":"\n        "},
  {"type":"LiteralStringDouble","value":"\"parent\""},
  {"type":"Operator","value":":"},
  {"type":"Text","value":" "},
  {"type":"Punctuation","value":"{"},
  {"type":"Text","value":" "},
  {"type":"LiteralStringDouble","value":"\"name\""},
  {"type":"Operator","value":":"},
  {"type":"Text","value":" "},
  {"type":"LiteralStringDouble","value":"\"Tywin\""},
  {"type":"Punctuation","value":","},
  {"type":"Text","value":" "},
  {"type":"LiteralStringDouble","value":"\"surname\""},
  {"type":"Operator","value":":"},
  {"type":"Text","value":" "},
  {"type":"LiteralStringDouble","value":"\"Lannister\""},
  {"type":"Text","value":" "},
  {"type":"Punctuation","value":"},"},
  {"type":"Text","value":"\n        "},
  {"type":"LiteralStringDouble","value":"\"child\""},
  {"type":"Operator","value":":"},
  {"type":"Text","value":" "},
  {"type":"Punctuation","value":"{"},
  {"type":"Text","value":" "},
  {"type":"LiteralStringDouble","value":"\"name\""},
  {"type":"Operator","value":":"},
  {"type":"Text","value":" "},
  {"type":"LiteralStringDouble","value":"\"Jaime\""},
  {"type":"Punctuation","value":","},
  {"type":"Text","value":" "},
  {"type":"LiteralStringDouble","value":"\"surname\""},
  {"type":"Operator","value":":"},
  {"type":"Text","value":" "},
  {"type":"LiteralStringDouble","value":"\"Lannister\""},
  {"type":"Text","value":" "},
  {"type":"Punctuation","value":"}"},
  {"type":"Text","value":"\n    "},
  {"type":"Punctuation","value":"},"},
  {"type":"Text","value":" "},
  {"type":"Punctuation","value":"{"},
  {"type":"Text","value":"\n        "},
  {"type":"LiteralStringDouble","value":"\"parent\""},
  {"type":"Operator","value":":"},
  {"type":"Text","value":" "},
  {"type":"Punctuation","value":"{"},
  {"type":"Text","value":" "},
  {"type":"LiteralStringDouble","value":"\"name\""},
  {"type":"Operator","value":":"},
  {"type":"Text","value":" "},
  {"type":"LiteralStringDouble","value":"\"Tywin\""},
  {"type":"Punctuation","value":","},
  {"type":"Text","value":" "},
  {"type":"LiteralStringDouble","value":"\"surname\""},
  {"type":"Operator","value":":"},
  {"type":"Text","value":" "},
  {"type":"LiteralStringDouble","value":"\"Lannister\""},
  {"type":"Text","value":" "},
  {"type":"Punctuation","value":"},"},
  {"type":"Text","value":"\n        "},
  {"type":"LiteralStringDouble","value":"\"child\""},
  {"type":"Operator","value":":"},
  {"type":"Text","value":" "},
  {"type":"Punctuation","value":"{"},
  {"type":"Text","value":" "},
  {"type":"LiteralStringDouble","value":"\"name\""},
  {"type":"Operator","value":":"},
  {"type":"Text","value":" "},
  {"type":"LiteralStringDouble","value":"\"Cersei\""},
  {"type":"Punctuation","value":","},
  {"type":"Text","value":" "},
  {"type":"LiteralStringDouble","value":"\"surname\""},
  {"type":"Operator","value":":"},
  {"type":"Text","value":" "},
  {"type":"LiteralStringDouble","value":"\"Lannister\""},
  {"type":"Text","value":" "},
  {"type":"Punctuation","value":"}"},
  {"type":"Text","value":"\n    "},
  {"type":"Punctuation","value":"},"},
  {"type":"Text","value":" "},
  {"type":"Punctuation","value":"{"},
  {"type":"Text","value":"\n        "},
  {"type":"LiteralStringDouble","value":"\"parent\""},
  {"type":"Operator","value":":"},
  {"type":"Text","value":" "},
  {"type":"Punctuation","value":"{"},
  {"type":"Text","value":" "},
  {"type":"LiteralStringDouble","value":"\"name\""},
  {"type":"Operator","value":":"},
  {"type":"Text","value":" "},
  {"type":"LiteralStringDouble","value":"\"Tywin\""},
  {"type":"Punctuation","value":","},
  {"type":"Text","value":" "},
  {"type":"LiteralStringDouble","value":"\"surname\""},
  {"type":"Operator","value":":"},
  {"type":"Text","value":" "},
  {"type":"LiteralStringDouble","value":"\"Lannister\""},
  {"type":"Text","value":" "},
  {"type":"Punctuation","value":"},"},
  {"type":"Text","value":"\n        "},
  {"type":"LiteralStringDouble","value":"\"child\""},
  {"type":"Operator","value":":"},
  {"type":"Text","value":" "},
  {"type":"Punctuation","value":"{"},
  {"type":"Text","value":" "},
  {"type":"LiteralStringDouble","value":"\"name\""},
  {"type":"Operator","value":":"},
  {"type":"Text","value":" "},
  {"type":"LiteralStringDouble","value":"\"Tyrion\""},
  {"type":"Punctuation","value":","},
  {"type":"Text","value":" "},
  {"type":"LiteralStringDouble","value":"\"surname\""},
  {"type":"Operator","value":":"},
  {"type":"Text","value":" "},
  {"type":"LiteralStringDouble","value":"\"Lannister\""},
  {"type":"Text","value":" "},
  {"type":"Punctuation","value":"}"},
  {"type":"Text","value":"\n    "},
  {"type":"Punctuation","value":"},"},
  {"type":"Text","value":" "},
  {"type":"Punctuation","value":"{"},
  {"type":"Text","value":"\n        "},
  {"type":"LiteralStringDouble","value":"\"parent\""},
  {"type":"Operator","value":":"},
  {"type":"Text","value":" "},
  {"type":"Punctuation","value":"{"},
  {"type":"Text","value":" "},
  {"type":"LiteralStringDouble","value":"\"name\""},
  {"type":"Operator","value":":"},
  {"type":"Text","value":" "},
  {"type":"LiteralStringDouble","value":"\"Cersei\""},
  {"type":"Punctuation","value":","},
  {"type":"Text","value":" "},
  {"type":"LiteralStringDouble","value":"\"surname\""},
  {"type":"Operator","value":":"},
  {"type":"Text","value":" "},
  {"type":"LiteralStringDouble","value":"\"Lannister\""},
  {"type":"Text","value":" "},
  {"type":"Punctuation","value":"},"},
  {"type":"Text","value":"\n        "},
  {"type":"LiteralStringDouble","value":"\"child\""},
  {"type":"Operator","value":":"},
  {"type":"Text","value":" "},
  {"type":"Punctuation","value":"{"},
  {"type":"Text","value":" "},
  {"type":"LiteralStringDouble","value":"\"name\""},
  {"type":"Operator","value":":"},
  {"type":"Text","value":" "},
  {"type":"LiteralStringDouble","value":"\"Joffrey\""},
  {"type":"Punctuation","value":","},
  {"type":"Text","value":" "},
  {"type":"LiteralStringDouble","value":"\"surname\""},
  {"type":"Operator","value":":"},
  {"type":"Text","value":" "},
  {"type":"LiteralStringDouble","value":"\"Baratheon\""},
  {"type":"Text","value":" "},
  {"type":"Punctuation","value":"}"},
  {"type":"Text","value":"\n    "},
  {"type":"Punctuation","value":"},"},
  {"type":"Text","value":" "},
  {"type":"Punctuation","value":"{"},
  {"type":"Text","value":"\n        "},
  {"type":"LiteralStringDouble","value":"\"parent\""},
  {"type":"Operator","value":":"},
  {"type":"Text","value":" "},
  {"type":"Punctuation","value":"{"},
  {"type":"Text","value":" "},
  {"type":"LiteralStringDouble","value":"\"name\""},
  {"type":"Operator","value":":"},
  {"type":"Text","value":" "},
  {"type":"LiteralStringDouble","value":"\"Jaime\""},
  {"type":"Punctuation","value":","},
  {"type":"Text","value":" "},
  {"type":"LiteralStringDouble","value":"\"surname\""},
  {"type":"Operator","value":":"},
  {"type":"Text","value":" "},
  {"type":"LiteralStringDouble","value":"\"Lannister\""},
  {"type":"Text","value":" "},
  {"type":"Punctuation","value":"},"},
  {"type":"Text","value":"\n        "},
  {"type":"LiteralStringDouble","value":"\"child\""},
  {"type":"Operator","value":":"},
  {"type":"Text","value":" "},
  {"type":"Punctuation","value":"{"},
  {"type":"Text","value":" "},
  {"type":"LiteralStringDouble","value":"\"name\""},
  {"type":"Operator","value":":"},
  {"type":"Text","value":" "},
  {"type":"LiteralStringDouble","value":"\"Joffrey\""},
  {"type":"Punctuation","value":","},
  {"type":"Text","value":" "},
  {"type":"LiteralStringDouble","value":"\"surname\""},
  {"type":"Operator","value":":"},
  {"type":"Text","value":" "},
  {"type":"LiteralStringDouble","value":"\"Baratheon\""},
  {"type":"Text","value":" "},
  {"type":"Punctuation","value":"}"},
  {"type":"Text","value":"\n    "},
  {"type":"Punctuation","value":"}"},
  {"type":"Text","value":"\n"},
  {"type":"Punctuation","value":"]"},
  {"type":"Text","value":"\n\n"},
  {"type":"KeywordReserved","value":"FOR"},
  {"type":"Text","value":" "},
  {"type":"Name","value":"rel"},
  {"type":"Text","value":" "},
  {"type":"KeywordReserved","value":"in"},
  {"type":"Text","value":" "},
  {"type":"Name","value":"data"},
  {"type":"Text","value":"\n    "},
  {"type":"KeywordDeclaration","value":"LET"},
  {"type":"Text","value":" "},
  {"type":"Name","value":"parentId"},
  {"type":"Text","value":" "},
  {"type":"Operator","value":"="},
  {"type":"Text","value":" "},
  {"type":"NameFunction","value":"FIRST"},
  {"type":"Punctuation","value":"("},
  {"type":"Text","value":"\n        "},
  {"type":"KeywordReserved","value":"FOR"},
  {"type":"Text","value":" "},
  {"type":"Name","value":"c"},
  {"type":"Text","value":" "},
  {"type":"KeywordReserved","value":"IN"},
  {"type":"Text","value":" "},
  {"type":"Name","value":"Characters"},
  {"type":"Text","value":"\n            "},
  {"type":"KeywordReserved","value":"FILTER"},
  {"type":"Text","value":" "},
  {"type":"Name","value":"c"},
  {"type":"Punctuation","value":"."},
  {"type":"Name","value":"name"},
  {"type":"Text","value":" "},
  {"type":"Operator","value":"=="},
  {"type":"Text","value":" "},
  {"type":"Name","value":"rel"},
  {"type":"Punctuation","value":"."},
  {"type":"Name","value":"parent"},
  {"type":"Punctuation","value":"."},
  {"type":"Name","value":"name"},
  {"type":"Text","value":"\n            "},
  {"type":"KeywordReserved","value":"FILTER"},
  {"type":"Text","value":" "},
  {"type":"Name","value":"c"},
  {"type":"Punctuation","value":"."},
  {"type":"Name","value":"surname"},
  {"type":"Text","value":" "},
  {"type":"Operator","value":"=="},
  {"type":"Text","value":" "},
  {"type":"Name","value":"rel"},
  {"type":"Punctuation","value":"."},
  {"type":"Name","value":"parent"},
  {"type":"Punctuation","value":"."},
  {"type":"Name","value":"surname"},
  {"type":"Text","value":"\n            "},
  {"type":"KeywordReserved","value":"LIMIT"},
  {"type":"Text","value":" "},
  {"type":"LiteralNumberFloat","value":"1"},
  {"type":"Text","value":"\n            "},
  {"type":"KeywordReserved","value":"RETURN"},
  {"type":"Text","value":" "},
  {"type":"Name","value":"c"},
  {"type":"Punctuation","value":"."},
  {"type":"Name","value":"_id"},
  {"type":"Text","value":"\n    "},
  {"type":"Punctuation","value":")"},
  {"type":"Text","value":"\n    "},
  {"type":"KeywordDeclaration","value":"LET"},
  {"type":"Text","value":" "},
  {"type":"Name","value":"childId"},
  {"type":"Text","value":" "},
  {"type":"Operator","value":"="},
  {"type":"Text","value":" "},
  {"type":"NameFunction","value":"FIRST"},
  {"type":"Punctuation","value":"("},
  {"type":"Text","value":"\n        "},
  {"type":"KeywordReserved","value":"FOR"},
  {"type":"Text","value":" "},
  {"type":"Name","value":"c"},
  {"type":"Text","value":" "},
  {"type":"KeywordReserved","value":"IN"},
  {"type":"Text","value":" "},
  {"type":"Name","value":"Characters"},
  {"type":"Text","value":"\n            "},
  {"type":"KeywordReserved","value":"FILTER"},
  {"type":"Text","value":" "},
  {"type":"Name","value":"c"},
  {"type":"Punctuation","value":"."},
  {"type":"Name","value":"name"},
  {"type":"Text","value":" "},
  {"type":"Operator","value":"=="},
  {"type":"Text","value":" "},
  {"type":"Name","value":"rel"},
  {"type":"Punctuation","value":"."},
  {"type":"Name","value":"child"},
  {"type":"Punctuation","value":"."},
  {"type":"Name","value":"name"},
  {"type":"Text","value":"\n            "},
  {"type":"KeywordReserved","value":"FILTER"},
  {"type":"Text","value":" "},
  {"type":"Name","value":"c"},
  {"type":"Punctuation","value":"."},
  {"type":"Name","value":"surname"},
  {"type":"Text","value":" "},
  {"type":"Operator","value":"=="},
  {"type":"Text","value":" "},
  {"type":"Name","value":"rel"},
  {"type":"Punctuation","value":"."},
  {"type":"Name","value":"child"},
  {"type":"Punctuation","value":"."},
  {"type":"Name","value":"surname"},
  {"type":"Text","value":"\n            "},
  {"type":"KeywordReserved","value":"LIMIT"},
  {"type":"Text","value":" "},
  {"type":"LiteralNumberFloat","value":"1"},
  {"type":"Text","value":"\n            "},
  {"type":"KeywordReserved","value":"RETURN"},
  {"type":"Text","value":" "},
  {"type":"Name","value":"c"},
  {"type":"Punctuation","value":"."},
  {"type":"Name","value":"_id"},
  {"type":"Text","value":"\n    "},
  {"type":"Punctuation","value":")"},
  {"type":"Text","value":"\n    "},
  {"type":"KeywordReserved","value":"FILTER"},
  {"type":"Text","value":" "},
  {"type":"Name","value":"parentId"},
  {"type":"Text","value":" "},
  {"type":"Operator","value":"!="},
  {"type":"Text","value":" "},
  {"type":"KeywordConstant","value":"null"},
  {"type":"Text","value":" "},
  {"type":"KeywordReserved","value":"AND"},
  {"type":"Text","value":" "},
  {"type":"Name","value":"childId"},
  {"type":"Text","value":" "},
  {"type":"Operator","value":"!="},
  {"type":"Text","value":" "},
  {"type":"KeywordConstant","value":"null"},
  {"type":"Text","value":"\n    "},
  {"type":"KeywordReserved","value":"INSERT"},
  {"type":"Text","value":" "},
  {"type":"Punctuation","value":"{"},
  {"type":"Text","value":" "},
  {"type":"Name","value":"_from"},
  {"type":"Operator","value":":"},
  {"type":"Text","value":" "},
  {"type":"Name","value":"childId"},
  {"type":"Punctuation","value":","},
  {"type":"Text","value":" "},
  {"type":"Name","value":"_to"},
  {"type":"Operator","value":":"},
  {"type":"Text","value":" "},
  {"type":"Name","value":"parentId"},
  {"type":"Text","value":" "},
  {"type":"Punctuation","value":"}"},
  {"type":"Text","value":" "},
  {"type":"KeywordReserved","value":"INTO"},
  {"type":"Text","value":" "},
  {"type":"Name","value":"ChildOf"},
  {"type":"Text","value":"\n    "},
  {"type":"KeywordReserved","value":"RETURN"},
  {"type":"Text","value":" "},
  {"type":"NameBuiltinPseudo","value":"NEW"}
]
