[
  {"type":"KeywordReserved","value":"INSERT"},
  {"type":"Text","value":" "},
  {"type":"Punctuation","value":"{"},
  {"type":"Text","value":"\n    "},
  {"type":"LiteralStringDouble","value":"\"name\""},
  {"type":"Operator","value":":"},
  {"type":"Text","value":" "},
  {"type":"LiteralStringDouble","value":"\"Ned\""},
  {"type":"Punctuation","value":","},
  {"type":"Text","value":"\n    "},
  {"type":"LiteralStringDouble","value":"\"surname\""},
  {"type":"Operator","value":":"},
  {"type":"Text","value":" "},
  {"type":"LiteralStringDouble","value":"\"Stark\""},
  {"type":"Punctuation","value":","},
  {"type":"Text","value":"\n    "},
  {"type":"LiteralStringDouble","value":"\"alive\""},
  {"type":"Operator","value":":"},
  {"type":"Text","value":" "},
  {"type":"KeywordConstant","value":"true"},
  {"type":"Punctuation","value":","},
  {"type":"Text","value":"\n    "},
  {"type":"LiteralStringDouble","value":"\"age\""},
  {"type":"Operator","value":":"},
  {"type":"Text","value":" "},
  {"type":"LiteralNumberFloat","value":"41"},
  {"type":"Punctuation","value":","},
  {"type":"Text","value":"\n    "},
  {"type":"LiteralStringDouble","value":"\"traits\""},
  {"type":"Operator","value":":"},
  {"type":"Text","value":" "},
  {"type":"Punctuation","value":"["},
  {"type":"LiteralStringDouble","value":"\"A\""},
  {"type":"Punctuation","value":","},
  {"type":"LiteralStringDouble","value":"\"H\""},
  {"type":"Punctuation","value":","},
  {"type":"LiteralStringDouble","value":"\"C\""},
  {"type":"Punctuation","value":","},
  {"type":"LiteralStringDouble","value":"\"N\""},
  {"type":"Punctuation","value":","},
  {"type":"LiteralStringDouble","value":"\"P\""},
  {"type":"Punctuation","value":"]"},
  {"type":"Text","value":"\n"},
  {"type":"Punctuation","value":"}"},
  {"type":"Text","value":" "},
  {"type":"KeywordReserved","value":"INTO"},
  {"type":"Text","value":" "},
  {"type":"Name","value":"Characters"}
]
