[
  {"type":"KeywordReserved","value":"FOR"},
  {"type":"Text","value":" "},
  {"type":"Name","value":"c"},
  {"type":"Text","value":" "},
  {"type":"KeywordReserved","value":"IN"},
  {"type":"Text","value":" "},
  {"type":"Name","value":"Characters"},
  {"type":"Text","value":"\n    "},
  {"type":"KeywordReserved","value":"FILTER"},
  {"type":"Text","value":" "},
  {"type":"Name","value":"c"},
  {"type":"Punctuation","value":"."},
  {"type":"Name","value":"age"},
  {"type":"Text","value":" "},
  {"type":"Operator","value":"\u003e="},
  {"type":"Text","value":" "},
  {"type":"LiteralNumberFloat","value":"13"},
  {"type":"Text","value":"\n    "},
  {"type":"KeywordReserved","value":"RETURN"},
  {"type":"Text","value":" "},
  {"type":"Name","value":"c"},
  {"type":"Punctuation","value":"."},
  {"type":"Name","value":"name"}
]
