[
  {"type":"KeywordReserved","value":"FOR"},
  {"type":"Text","value":" "},
  {"type":"Name","value":"c"},
  {"type":"Text","value":" "},
  {"type":"KeywordReserved","value":"IN"},
  {"type":"Text","value":" "},
  {"type":"Name","value":"Characters"},
  {"type":"Text","value":"\n    "},
  {"type":"KeywordReserved","value":"FILTER"},
  {"type":"Text","value":" "},
  {"type":"Name","value":"c"},
  {"type":"Punctuation","value":"."},
  {"type":"Name","value":"surname"},
  {"type":"Text","value":"\n    "},
  {"type":"KeywordReserved","value":"SORT"},
  {"type":"Text","value":" "},
  {"type":"Name","value":"c"},
  {"type":"Punctuation","value":"."},
  {"type":"Name","value":"surname"},
  {"type":"Punctuation","value":","},
  {"type":"Text","value":" "},
  {"type":"Name","value":"c"},
  {"type":"Punctuation","value":"."},
  {"type":"Name","value":"name"},
  {"type":"Text","value":"\n    "},
  {"type":"KeywordReserved","value":"LIMIT"},
  {"type":"Text","value":" "},
  {"type":"LiteralNumberFloat","value":"10"},
  {"type":"Text","value":"\n    "},
  {"type":"KeywordReserved","value":"RETURN"},
  {"type":"Text","value":" "},
  {"type":"Punctuation","value":"{"},
  {"type":"Text","value":"\n        "},
  {"type":"Name","value":"surname"},
  {"type":"Operator","value":":"},
  {"type":"Text","value":" "},
  {"type":"Name","value":"c"},
  {"type":"Punctuation","value":"."},
  {"type":"Name","value":"surname"},
  {"type":"Punctuation","value":","},
  {"type":"Text","value":"\n        "},
  {"type":"Name","value":"name"},
  {"type":"Operator","value":":"},
  {"type":"Text","value":" "},
  {"type":"Name","value":"c"},
  {"type":"Punctuation","value":"."},
  {"type":"Name","value":"name"},
  {"type":"Text","value":"\n    "},
  {"type":"Punctuation","value":"}"}
]
